<html>
<body>
<pre>
<h1>µVision Build Log</h1>
<h2>Tool Versions:</h2>
IDE-Version: µVision V5.41.0.0
Copyright (C) 2024 ARM Ltd and ARM Germany GmbH. All rights reserved.
License Information: haseeb ulhassan
uet
User-based license: Keil MDK Community (non-commercial free of charge)
Valid until: Jun 1 2033. Cached until: Nov 29 2024
 
Tool Versions:
Toolchain:       Keil MDK Community (non-commercial free of charge  Version: 5.41.0.0
Toolchain Path:  C:\Keil_v5\ARM\ARMCLANG\Bin
C Compiler:      ArmClang.exe V6.22
Assembler:       Armasm.exe V6.22
Linker/Locator:  ArmLink.exe V6.22
Library Manager: ArmAr.exe V6.22
Hex Converter:   FromElf.exe V6.22
CPU DLL:         SARMCM3.DLL V5.41.0.0
Dialog DLL:      DCM.DLL V1.17.5.0
Target DLL:      lmidk-agdi.dll V???
Dialog DLL:      TCM.DLL V1.56.4.0
 
<h2>Project:</h2>
C:\Users\dell\Desktop\2022_MC_58\Semester5\ES-II\2022_MC_58_Lab_1\float\float.uvprojx
Project File Date:  11/23/2024

<h2>Output:</h2>
*** Using Compiler 'V6.22', folder: 'C:\Keil_v5\ARM\ARMCLANG\Bin'
Rebuild target 'Target_1'
assembling startup_TM4C123.s...
compiling system_TM4C123.c...
float.c(351): warning: comparison of integers of different signs: 'volatile unsigned long' and 'int' [-Wsign-compare]
  351 | void usdelay(int time){for (i = 0; i < time*4; i++);}
      |                                    ~ ^ ~~~~~~
float.c(352): warning: comparison of integers of different signs: 'volatile unsigned long' and 'int' [-Wsign-compare]
  352 | void msdelay(int time1){for (i = 0; i < time1*4000; i++);}//1358
      |                                     ~ ^ ~~~~~~~~~~
float.c(360): warning: comparison of integers of different signs: 'volatile unsigned long' and 'int' [-Wsign-compare]
  360 | for(k=0 ; k < column ; k++)                                                             //      Set cursor position
      |           ~ ^ ~~~~~~
float.c(370): warning: passing 'char[8]' to parameter of type 'unsigned char *' converts between pointers to integer types where one is of the unique plain 'char' type and the other is not [-Wpointer-sign]
  370 |                         write_LCD_Str("error %");
      |                                       ^~~~~~~~~
float.c(48): note: passing argument to parameter 'str' here
   48 | void write_LCD_Str(unsigned char *str);
      |                                   ^
float.c(374): warning: passing 'char[9]' to parameter of type 'unsigned char *' converts between pointers to integer types where one is of the unique plain 'char' type and the other is not [-Wpointer-sign]
  374 |                         write_LCD_Str("Th_rpm =");
      |                                       ^~~~~~~~~~
float.c(48): note: passing argument to parameter 'str' here
   48 | void write_LCD_Str(unsigned char *str);
      |                                   ^
float.c(378): warning: passing 'char[6]' to parameter of type 'unsigned char *' converts between pointers to integer types where one is of the unique plain 'char' type and the other is not [-Wpointer-sign]
  378 |                         write_LCD_Str("RPM =");
      |                                       ^~~~~~~
float.c(48): note: passing argument to parameter 'str' here
   48 | void write_LCD_Str(unsigned char *str);
      |                                   ^
float.c(382): warning: passing 'char[10]' to parameter of type 'unsigned char *' converts between pointers to integer types where one is of the unique plain 'char' type and the other is not [-Wpointer-sign]
  382 |                         write_LCD_Str("Current =");
      |                                       ^~~~~~~~~~~
float.c(48): note: passing argument to parameter 'str' here
   48 | void write_LCD_Str(unsigned char *str);
      |                                   ^
float.c(418): warning: passing 'unsigned char *' to parameter of type 'const char *' converts between pointers to integer types where one is of the unique plain 'char' type and the other is not [-Wpointer-sign]
  418 |                 len = strlen(str1);
      |                              ^~~~
C:\Keil_v5\ARM\ARMCLANG\bin\..\include\string.h(335): note: passing argument to parameter here
  335 | extern _ARMABI size_t strlen(const char * /*s*/) __attribute__((__nonnull__(1)));
      |                                                ^
float.c(428): warning: passing 'unsigned char *' to parameter of type 'const char *' converts between pointers to integer types where one is of the unique plain 'char' type and the other is not [-Wpointer-sign]
  428 |                 len = strlen(str);
      |                              ^~~
C:\Keil_v5\ARM\ARMCLANG\bin\..\include\string.h(335): note: passing argument to parameter here
  335 | extern _ARMABI size_t strlen(const char * /*s*/) __attribute__((__nonnull__(1)));
      |                                                ^
9 warnings generated.
compiling float.c...
linking...
Program Size: Code=4830 RO-data=670 RW-data=0 ZI-data=640  
".\Objects\float.axf" - 0 Error(s), 9 Warning(s).

<h2>Software Packages used:</h2>

Package Vendor: ARM
                http://www.keil.com/pack/ARM.CMSIS.5.9.0.pack
                ARM::CMSIS@5.9.0
                CMSIS (Common Microcontroller Software Interface Standard)
   * Component: CORE Version: 5.6.0

Package Vendor: Keil
                http://www.keil.com/pack/Keil.TM4C_DFP.1.1.0.pack
                Keil::TM4C_DFP@1.1.0
                Texas Instruments Tiva C Series Device Support and Examples
   * Component: Startup Version: 1.0.1

<h2>Collection of Component include folders:</h2>
  ./RTE/_Target_1
  C:/Users/dell/AppData/Local/Arm/Packs/ARM/CMSIS/5.9.0/CMSIS/Core/Include
  C:/Users/dell/AppData/Local/Arm/Packs/Keil/TM4C_DFP/1.1.0/Device/Include/TM4C123

<h2>Collection of Component Files used:</h2>

   * Component: ARM::CMSIS:CORE@5.6.0

   * Component: Keil::Device:Startup@1.0.1
      Include file:  Device/Include/TM4C123/TM4C123.h
      Source file:   Device/Source/ARM/startup_TM4C123.s
      Source file:   Device/Source/system_TM4C123.c
Build Time Elapsed:  00:00:02
</pre>
</body>
</html>
